// Jest Snapshot v1, https://goo.gl/fbAQLP

exports[`renders Cabecalho component correctly 1`] = `
<DocumentFragment>
  <div
    class="container"
  >
    <div
      class="nav-container"
    >
      <div
        class="brand"
      >
        <a
          href="https://sodiedoces.com.br/"
        >
          <img
            alt="Sodiê Doces"
            id="img-logo"
            src="https://sodiedoces.com.br/wp-content/themes/sodiedoces/img/logo-sodie.png"
          />
        </a>
      </div>
      <nav>
        <div
          class="nav-mobile"
        >
          <a
            id="nav-toggle"
          >
            <span />
          </a>
        </div>
        <ul
          class="nav-list"
        >
          <li>
            <a
              href="https://sodiedoces.com.br/sobre"
            >
              A Sodiê
            </a>
          </li>
          <li>
            <a
              href="#!"
              id="abrirsub"
            >
              Produtos 
              <i
                aria-hidden="true"
                class="fas fa-caret-down"
              />
               
            </a>
            <ul
              class="nav-dropdown"
            >
              <li>
                <a
                  href="https://sodiedoces.com.br/bolos"
                >
                  Bolos
                </a>
              </li>
              <li>
                <a
                  href="https://sodiedoces.com.br/salgados"
                >
                  Salgados
                </a>
              </li>
              <li>
                <a
                  href="https://sodiedoces.com.br/kit-festa/escolha-seu-kit-festa"
                >
                  Kit Festa
                </a>
              </li>
              <li>
                <a
                  href="https://sodiedoces.com.br/doces"
                >
                  Doces
                </a>
              </li>
              <li>
                <a
                  href="https://sodiedoces.com.br/tortas-doces"
                >
                  Tortas Doces
                </a>
              </li>
              <li>
                <a
                  href="https://sodiedoces.com.br/bebidas"
                >
                  Bebidas
                </a>
              </li>
              <li>
                <a
                  href="https://sodiedoces.com.br/balas-de-coco"
                >
                  Balas de Coco
                </a>
              </li>
            </ul>
          </li>
          <li>
            <a
              href="https://sodiedoces.com.br/lojas"
            >
              Lojas
            </a>
          </li>
          <li>
            <a
              href="https://sodiedoces.com.br/contato"
            >
              Contato
            </a>
          </li>
        </ul>
      </nav>
      <div
        class="brand2 center"
      >
        <div
          class="nav-app center btn-marrom"
        >
          <p>
            Peça no app
          </p>
          <a
            href="https://play.google.com/store/apps/details?id=com.sodiedoces"
            rel="noreferrer"
            target="_blank"
          >
            <i
              aria-hidden="true"
              class="fab fa-google-play"
            />
          </a>
          <a
            href="https://apps.apple.com/br/app/sodi%C3%AA-doces-oficial/id1557040152"
            rel="noreferrer"
            target="_blank"
          >
            <i
              aria-hidden="true"
              class="fab fa-apple"
            />
          </a>
        </div>
        <a
          href="https://suafranquia.sodiedoces.com.br/oportunid"
          rel="noreferrer"
          target="_blank"
        >
          <i
            aria-hidden="true"
            class="nav-franqueado center btn-marrom"
          />
        </a>
        <ul
          class="nav-social ulflex"
        >
          <li>
            <a
              href="ttps://instagram.com/SodieDo"
              rel="noreferrer"
              target="_blank"
            >
              <i
                aria-hidden="true"
                class="fab fa-instagram"
              />
            </a>
            <a
              href="https://instagram.com/SodieDoces"
              rel="noreferrer"
              target="_blank"
            >
              <i
                aria-hidden="true"
                class="fab fa-instagram"
              />
            </a>
            <a
              href="https://instagram.com/SodieDoces"
              rel="noreferrer"
              target="_blank"
            >
              <i
                aria-hidden="true"
                class="fab fa-instagram"
              />
            </a>
          </li>
          <li>
            <a
              href="https://www.facebook.com/sodiedocesofici"
              rel="noreferrer"
              target="_blank"
            >
              <i
                aria-hidden="true"
                class="ab fa-facebook-square"
              />
            </a>
          </li>
        </ul>
      </div>
    </div>
  </div>
</DocumentFragment>
`;
