// Jest Snapshot v1, https://goo.gl/fbAQLP

exports[`deve renderizar corretamente o componente Carrosel 1`] = `
<DocumentFragment>
  <div
    class="underline-box ready"
    style="margin-top: 35px; text-align: center;"
  >
    <h1
      class="rising-reveal"
    >
      <span
        class="letter"
      >
        B
      </span>
      <span
        class="letter"
      >
        O
      </span>
      <span
        class="letter"
      >
        L
      </span>
      <span
        class="letter"
      >
        O
      </span>
      <span
        class="letter"
      >
        S
      </span>
    </h1>
    <p>
      Deliciosamente recheados e com muito sabor, cada um de nossos bolos é criado 
      <br />
       para proporcionar mais amor e carinho para todas as ocasiões.
    </p>
  </div>
</DocumentFragment>
`;
